[1/160] s0_noise0_fixed_nomem
  train=0.028108 val=0.028108 gap=+0.000000 table_rms=0.000000
[2/160] s0_noise0_fixed_mem
  train=0.028108 val=0.028108 gap=+0.000000 table_rms=0.000000
[3/160] s0_noise0_fresh_nomem
  train=0.028108 val=0.028108 gap=+0.000000 table_rms=0.000000
[4/160] s0_noise0_fresh_mem
  train=0.028108 val=0.028108 gap=+0.000000 table_rms=0.000000
[5/160] s0_noise0p2_fixed_nomem
  train=0.501827 val=0.501278 gap=-0.000549 table_rms=0.000000
[6/160] s0_noise0p2_fixed_mem
  train=0.487188 val=0.519057 gap=+0.031869 table_rms=1.549165
[7/160] s0_noise0p2_fresh_nomem
  train=0.504217 val=0.501265 gap=-0.002952 table_rms=0.000000
[8/160] s0_noise0p2_fresh_mem
  train=0.504443 val=0.501484 gap=-0.002959 table_rms=0.104918
[9/160] s1_noise0_fixed_nomem
  train=0.028108 val=0.028108 gap=+0.000000 table_rms=0.000000
[10/160] s1_noise0_fixed_mem
  train=0.028108 val=0.028108 gap=+0.000000 table_rms=0.000000
[11/160] s1_noise0_fresh_nomem
  train=0.028108 val=0.028108 gap=+0.000000 table_rms=0.000000
[12/160] s1_noise0_fresh_mem
  train=0.028108 val=0.028108 gap=+0.000000 table_rms=0.000000
[13/160] s1_noise0p2_fixed_nomem
  train=0.498519 val=0.498591 gap=+0.000072 table_rms=0.000000
[14/160] s1_noise0p2_fixed_mem
  train=0.482450 val=0.519048 gap=+0.036598 table_rms=1.631350
[15/160] s1_noise0p2_fresh_nomem
  train=0.496323 val=0.498574 gap=+0.002251 table_rms=0.000000
[16/160] s1_noise0p2_fresh_mem
  train=0.496355 val=0.498679 gap=+0.002324 table_rms=0.095674
[17/160] s2_noise0_fixed_nomem
  train=0.028108 val=0.028108 gap=+0.000000 table_rms=0.000000
[18/160] s2_noise0_fixed_mem
  train=0.028108 val=0.028108 gap=+0.000000 table_rms=0.000000
[19/160] s2_noise0_fresh_nomem
  train=0.028108 val=0.028108 gap=+0.000000 table_rms=0.000000
[20/160] s2_noise0_fresh_mem
  train=0.028108 val=0.028108 gap=+0.000000 table_rms=0.000000
[21/160] s2_noise0p2_fixed_nomem
  train=0.504366 val=0.502432 gap=-0.001934 table_rms=0.000000
[22/160] s2_noise0p2_fixed_mem
  train=0.489499 val=0.522103 gap=+0.032604 table_rms=1.575097
[23/160] s2_noise0p2_fresh_nomem
  train=0.507464 val=0.502446 gap=-0.005018 table_rms=0.000000
[24/160] s2_noise0p2_fresh_mem
  train=0.507664 val=0.502619 gap=-0.005045 table_rms=0.107670
[25/160] s3_noise0_fixed_nomem
  train=0.028108 val=0.028108 gap=+0.000000 table_rms=0.000000
[26/160] s3_noise0_fixed_mem
  train=0.028108 val=0.028108 gap=+0.000000 table_rms=0.000000
[27/160] s3_noise0_fresh_nomem
  train=0.028108 val=0.028108 gap=+0.000000 table_rms=0.000000
[28/160] s3_noise0_fresh_mem
  train=0.028108 val=0.028108 gap=+0.000000 table_rms=0.000000
[29/160] s3_noise0p2_fixed_nomem
  train=0.508607 val=0.502050 gap=-0.006557 table_rms=0.000000
[30/160] s3_noise0p2_fixed_mem
  train=0.493873 val=0.518942 gap=+0.025069 table_rms=1.470909
[31/160] s3_noise0p2_fresh_nomem
  train=0.500486 val=0.501997 gap=+0.001511 table_rms=0.000000
[32/160] s3_noise0p2_fresh_mem
  train=0.500780 val=0.502133 gap=+0.001353 table_rms=0.095076
[33/160] s4_noise0_fixed_nomem
  train=0.028108 val=0.028108 gap=+0.000000 table_rms=0.000000
[34/160] s4_noise0_fixed_mem
  train=0.028108 val=0.028108 gap=+0.000000 table_rms=0.000000
[35/160] s4_noise0_fresh_nomem
  train=0.028108 val=0.028108 gap=+0.000000 table_rms=0.000000
[36/160] s4_noise0_fresh_mem
  train=0.028108 val=0.028108 gap=+0.000000 table_rms=0.000000
[37/160] s4_noise0p2_fixed_nomem
  train=0.500147 val=0.498223 gap=-0.001924 table_rms=0.000000
[38/160] s4_noise0p2_fixed_mem
  train=0.485687 val=0.515479 gap=+0.029793 table_rms=1.559319
[39/160] s4_noise0p2_fresh_nomem
  train=0.501600 val=0.498225 gap=-0.003375 table_rms=0.000000
[40/160] s4_noise0p2_fresh_mem
  train=0.501653 val=0.498398 gap=-0.003254 table_rms=0.093015
[41/160] s5_noise0_fixed_nomem
  train=0.028108 val=0.028108 gap=+0.000000 table_rms=0.000000
[42/160] s5_noise0_fixed_mem
  train=0.028108 val=0.028108 gap=+0.000000 table_rms=0.000000
[43/160] s5_noise0_fresh_nomem
  train=0.028108 val=0.028108 gap=+0.000000 table_rms=0.000000
[44/160] s5_noise0_fresh_mem
  train=0.028108 val=0.028108 gap=+0.000000 table_rms=0.000000
[45/160] s5_noise0p2_fixed_nomem
  train=0.501925 val=0.499274 gap=-0.002652 table_rms=0.000000
[46/160] s5_noise0p2_fixed_mem
  train=0.488108 val=0.516732 gap=+0.028624 table_rms=1.538062
[47/160] s5_noise0p2_fresh_nomem
  train=0.502443 val=0.499263 gap=-0.003180 table_rms=0.000000
[48/160] s5_noise0p2_fresh_mem
  train=0.502276 val=0.499472 gap=-0.002804 table_rms=0.101866
[49/160] s6_noise0_fixed_nomem
  train=0.028108 val=0.028108 gap=+0.000000 table_rms=0.000000
[50/160] s6_noise0_fixed_mem
  train=0.028108 val=0.028108 gap=+0.000000 table_rms=0.000000
[51/160] s6_noise0_fresh_nomem
  train=0.028108 val=0.028108 gap=+0.000000 table_rms=0.000000
[52/160] s6_noise0_fresh_mem
  train=0.028108 val=0.028108 gap=+0.000000 table_rms=0.000000
[53/160] s6_noise0p2_fixed_nomem
  train=0.495516 val=0.499697 gap=+0.004181 table_rms=0.000000
[54/160] s6_noise0p2_fixed_mem
  train=0.482708 val=0.515858 gap=+0.033150 table_rms=1.457943
[55/160] s6_noise0p2_fresh_nomem
  train=0.496600 val=0.499676 gap=+0.003076 table_rms=0.000000
[56/160] s6_noise0p2_fresh_mem
  train=0.496897 val=0.499802 gap=+0.002905 table_rms=0.093967
[57/160] s7_noise0_fixed_nomem
  train=0.028108 val=0.028108 gap=+0.000000 table_rms=0.000000
[58/160] s7_noise0_fixed_mem
  train=0.028108 val=0.028108 gap=+0.000000 table_rms=0.000000
[59/160] s7_noise0_fresh_nomem
  train=0.028108 val=0.028108 gap=+0.000000 table_rms=0.000000
[60/160] s7_noise0_fresh_mem
  train=0.028108 val=0.028108 gap=+0.000000 table_rms=0.000000
[61/160] s7_noise0p2_fixed_nomem
  train=0.499668 val=0.502775 gap=+0.003107 table_rms=0.000000
[62/160] s7_noise0p2_fixed_mem
  train=0.483011 val=0.524610 gap=+0.041600 table_rms=1.849049
[63/160] s7_noise0p2_fresh_nomem
  train=0.496858 val=0.502711 gap=+0.005853 table_rms=0.000000
[64/160] s7_noise0p2_fresh_mem
  train=0.496950 val=0.502824 gap=+0.005874 table_rms=0.103234
[65/160] s8_noise0_fixed_nomem
  train=0.028108 val=0.028108 gap=+0.000000 table_rms=0.000000
[66/160] s8_noise0_fixed_mem
  train=0.028108 val=0.028108 gap=+0.000000 table_rms=0.000000
[67/160] s8_noise0_fresh_nomem
  train=0.028108 val=0.028108 gap=+0.000000 table_rms=0.000000
[68/160] s8_noise0_fresh_mem
  train=0.028108 val=0.028108 gap=+0.000000 table_rms=0.000000
[69/160] s8_noise0p2_fixed_nomem
  train=0.500399 val=0.502680 gap=+0.002280 table_rms=0.000000
[70/160] s8_noise0p2_fixed_mem
  train=0.485167 val=0.521432 gap=+0.036265 table_rms=1.611132
[71/160] s8_noise0p2_fresh_nomem
  train=0.507641 val=0.502680 gap=-0.004961 table_rms=0.000000
[72/160] s8_noise0p2_fresh_mem
  train=0.507897 val=0.502821 gap=-0.005076 table_rms=0.102407
[73/160] s9_noise0_fixed_nomem
  train=0.028108 val=0.028108 gap=+0.000000 table_rms=0.000000
[74/160] s9_noise0_fixed_mem
  train=0.028108 val=0.028108 gap=+0.000000 table_rms=0.000000
[75/160] s9_noise0_fresh_nomem
  train=0.028108 val=0.028108 gap=+0.000000 table_rms=0.000000
[76/160] s9_noise0_fresh_mem
  train=0.028108 val=0.028108 gap=+0.000000 table_rms=0.000000
[77/160] s9_noise0p2_fixed_nomem
  train=0.505457 val=0.503241 gap=-0.002216 table_rms=0.000000
[78/160] s9_noise0p2_fixed_mem
  train=0.489394 val=0.522657 gap=+0.033262 table_rms=1.555343
[79/160] s9_noise0p2_fresh_nomem
  train=0.496998 val=0.503258 gap=+0.006260 table_rms=0.000000
[80/160] s9_noise0p2_fresh_mem
  train=0.497222 val=0.503379 gap=+0.006157 table_rms=0.109976
[81/160] s10_noise0_fixed_nomem
  train=0.028108 val=0.028108 gap=+0.000000 table_rms=0.000000
[82/160] s10_noise0_fixed_mem
  train=0.028108 val=0.028108 gap=+0.000000 table_rms=0.000000
[83/160] s10_noise0_fresh_nomem
  train=0.028108 val=0.028108 gap=+0.000000 table_rms=0.000000
[84/160] s10_noise0_fresh_mem
  train=0.028108 val=0.028108 gap=+0.000000 table_rms=0.000000
[85/160] s10_noise0p2_fixed_nomem
  train=0.498440 val=0.502499 gap=+0.004058 table_rms=0.000000
[86/160] s10_noise0p2_fixed_mem
  train=0.484239 val=0.520201 gap=+0.035962 table_rms=1.537233
[87/160] s10_noise0p2_fresh_nomem
  train=0.500659 val=0.502468 gap=+0.001809 table_rms=0.000000
[88/160] s10_noise0p2_fresh_mem
  train=0.500958 val=0.502616 gap=+0.001658 table_rms=0.098480
[89/160] s11_noise0_fixed_nomem
  train=0.028108 val=0.028108 gap=+0.000000 table_rms=0.000000
[90/160] s11_noise0_fixed_mem
  train=0.028108 val=0.028108 gap=+0.000000 table_rms=0.000000
[91/160] s11_noise0_fresh_nomem
  train=0.028108 val=0.028108 gap=+0.000000 table_rms=0.000000
[92/160] s11_noise0_fresh_mem
  train=0.028108 val=0.028108 gap=+0.000000 table_rms=0.000000
[93/160] s11_noise0p2_fixed_nomem
  train=0.507619 val=0.500127 gap=-0.007492 table_rms=0.000000
[94/160] s11_noise0p2_fixed_mem
  train=0.492974 val=0.518375 gap=+0.025401 table_rms=1.628724
[95/160] s11_noise0p2_fresh_nomem
  train=0.501602 val=0.500023 gap=-0.001580 table_rms=0.000000
[96/160] s11_noise0p2_fresh_mem
  train=0.501783 val=0.500162 gap=-0.001621 table_rms=0.099883
[97/160] s12_noise0_fixed_nomem
  train=0.028108 val=0.028108 gap=+0.000000 table_rms=0.000000
[98/160] s12_noise0_fixed_mem
  train=0.028108 val=0.028108 gap=+0.000000 table_rms=0.000000
[99/160] s12_noise0_fresh_nomem
  train=0.028108 val=0.028108 gap=+0.000000 table_rms=0.000000
[100/160] s12_noise0_fresh_mem
  train=0.028108 val=0.028108 gap=+0.000000 table_rms=0.000000
[101/160] s12_noise0p2_fixed_nomem
  train=0.505510 val=0.499331 gap=-0.006180 table_rms=0.000000
[102/160] s12_noise0p2_fixed_mem
  train=0.490974 val=0.516612 gap=+0.025637 table_rms=1.607835
[103/160] s12_noise0p2_fresh_nomem
  train=0.503705 val=0.499253 gap=-0.004452 table_rms=0.000000
[104/160] s12_noise0p2_fresh_mem
  train=0.503948 val=0.499420 gap=-0.004529 table_rms=0.096339
[105/160] s13_noise0_fixed_nomem
  train=0.028108 val=0.028108 gap=+0.000000 table_rms=0.000000
[106/160] s13_noise0_fixed_mem
  train=0.028108 val=0.028108 gap=+0.000000 table_rms=0.000000
[107/160] s13_noise0_fresh_nomem
  train=0.028108 val=0.028108 gap=+0.000000 table_rms=0.000000
[108/160] s13_noise0_fresh_mem
  train=0.028108 val=0.028108 gap=+0.000000 table_rms=0.000000
[109/160] s13_noise0p2_fixed_nomem
  train=0.496189 val=0.500033 gap=+0.003844 table_rms=0.000000
[110/160] s13_noise0p2_fixed_mem
  train=0.481141 val=0.518021 gap=+0.036880 table_rms=1.581315
[111/160] s13_noise0p2_fresh_nomem
  train=0.502619 val=0.499852 gap=-0.002766 table_rms=0.000000
[112/160] s13_noise0p2_fresh_mem
  train=0.502974 val=0.500010 gap=-0.002964 table_rms=0.093737
[113/160] s14_noise0_fixed_nomem
  train=0.028108 val=0.028108 gap=+0.000000 table_rms=0.000000
[114/160] s14_noise0_fixed_mem
  train=0.028108 val=0.028108 gap=+0.000000 table_rms=0.000000
[115/160] s14_noise0_fresh_nomem
  train=0.028108 val=0.028108 gap=+0.000000 table_rms=0.000000
[116/160] s14_noise0_fresh_mem
  train=0.028108 val=0.028108 gap=+0.000000 table_rms=0.000000
[117/160] s14_noise0p2_fixed_nomem
  train=0.501738 val=0.501228 gap=-0.000510 table_rms=0.000000
[118/160] s14_noise0p2_fixed_mem
  train=0.484934 val=0.522155 gap=+0.037221 table_rms=1.615320
[119/160] s14_noise0p2_fresh_nomem
  train=0.504309 val=0.501197 gap=-0.003113 table_rms=0.000000
[120/160] s14_noise0p2_fresh_mem
  train=0.504429 val=0.501383 gap=-0.003046 table_rms=0.098346
[121/160] s15_noise0_fixed_nomem
  train=0.028108 val=0.028108 gap=+0.000000 table_rms=0.000000
[122/160] s15_noise0_fixed_mem
  train=0.028108 val=0.028108 gap=+0.000000 table_rms=0.000000
[123/160] s15_noise0_fresh_nomem
  train=0.028108 val=0.028108 gap=+0.000000 table_rms=0.000000
[124/160] s15_noise0_fresh_mem
  train=0.028108 val=0.028108 gap=+0.000000 table_rms=0.000000
[125/160] s15_noise0p2_fixed_nomem
  train=0.497563 val=0.497984 gap=+0.000422 table_rms=0.000000
[126/160] s15_noise0p2_fixed_mem
  train=0.483187 val=0.515725 gap=+0.032538 table_rms=1.585914
[127/160] s15_noise0p2_fresh_nomem
  train=0.506236 val=0.497983 gap=-0.008253 table_rms=0.000000
[128/160] s15_noise0p2_fresh_mem
  train=0.506469 val=0.498107 gap=-0.008361 table_rms=0.099825
[129/160] s16_noise0_fixed_nomem
  train=0.028108 val=0.028108 gap=+0.000000 table_rms=0.000000
[130/160] s16_noise0_fixed_mem
  train=0.028108 val=0.028108 gap=+0.000000 table_rms=0.000000
[131/160] s16_noise0_fresh_nomem
  train=0.028108 val=0.028108 gap=+0.000000 table_rms=0.000000
[132/160] s16_noise0_fresh_mem
  train=0.028108 val=0.028108 gap=+0.000000 table_rms=0.000000
[133/160] s16_noise0p2_fixed_nomem
  train=0.501156 val=0.498936 gap=-0.002220 table_rms=0.000000
[134/160] s16_noise0p2_fixed_mem
  train=0.486680 val=0.517071 gap=+0.030390 table_rms=1.651752
[135/160] s16_noise0p2_fresh_nomem
  train=0.493603 val=0.498927 gap=+0.005323 table_rms=0.000000
[136/160] s16_noise0p2_fresh_mem
  train=0.493766 val=0.499029 gap=+0.005263 table_rms=0.104032
[137/160] s17_noise0_fixed_nomem
  train=0.028108 val=0.028108 gap=+0.000000 table_rms=0.000000
[138/160] s17_noise0_fixed_mem
  train=0.028108 val=0.028108 gap=+0.000000 table_rms=0.000000
[139/160] s17_noise0_fresh_nomem
  train=0.028108 val=0.028108 gap=+0.000000 table_rms=0.000000
[140/160] s17_noise0_fresh_mem
  train=0.028108 val=0.028108 gap=+0.000000 table_rms=0.000000
[141/160] s17_noise0p2_fixed_nomem
  train=0.495175 val=0.500572 gap=+0.005396 table_rms=0.000000
[142/160] s17_noise0p2_fixed_mem
  train=0.481405 val=0.517719 gap=+0.036315 table_rms=1.530947
[143/160] s17_noise0p2_fresh_nomem
  train=0.496425 val=0.500458 gap=+0.004033 table_rms=0.000000
[144/160] s17_noise0p2_fresh_mem
  train=0.496400 val=0.500621 gap=+0.004221 table_rms=0.100531
[145/160] s18_noise0_fixed_nomem
  train=0.028108 val=0.028108 gap=+0.000000 table_rms=0.000000
[146/160] s18_noise0_fixed_mem
  train=0.028108 val=0.028108 gap=+0.000000 table_rms=0.000000
[147/160] s18_noise0_fresh_nomem
  train=0.028108 val=0.028108 gap=+0.000000 table_rms=0.000000
[148/160] s18_noise0_fresh_mem
  train=0.028108 val=0.028108 gap=+0.000000 table_rms=0.000000
[149/160] s18_noise0p2_fixed_nomem
  train=0.502177 val=0.499251 gap=-0.002925 table_rms=0.000000
[150/160] s18_noise0p2_fixed_mem
  train=0.484721 val=0.520869 gap=+0.036148 table_rms=1.784168
[151/160] s18_noise0p2_fresh_nomem
  train=0.502443 val=0.499223 gap=-0.003220 table_rms=0.000000
[152/160] s18_noise0p2_fresh_mem
  train=0.502400 val=0.499401 gap=-0.002999 table_rms=0.090985
[153/160] s19_noise0_fixed_nomem
  train=0.028108 val=0.028108 gap=+0.000000 table_rms=0.000000
[154/160] s19_noise0_fixed_mem
  train=0.028108 val=0.028108 gap=+0.000000 table_rms=0.000000
[155/160] s19_noise0_fresh_nomem
  train=0.028108 val=0.028108 gap=+0.000000 table_rms=0.000000
[156/160] s19_noise0_fresh_mem
  train=0.028108 val=0.028108 gap=+0.000000 table_rms=0.000000
[157/160] s19_noise0p2_fixed_nomem
  train=0.508907 val=0.500924 gap=-0.007983 table_rms=0.000000
[158/160] s19_noise0p2_fixed_mem
  train=0.494041 val=0.519077 gap=+0.025035 table_rms=1.611391
[159/160] s19_noise0p2_fresh_nomem
  train=0.504220 val=0.500775 gap=-0.003445 table_rms=0.000000
[160/160] s19_noise0p2_fresh_mem
  train=0.504491 val=0.500877 gap=-0.003614 table_rms=0.084976
wrote artifacts/metrics.jsonl
wrote artifacts/summary.json
	Command being timed: "/data3/guoshaoyang/ngram-gap-exp/.venv/bin/python toy6_lookup_replay.py --output-dir artifacts --seeds 0,1,2,3,4,5,6,7,8,9,10,11,12,13,14,15,16,17,18,19 --noise-values 0,0.2 --replay-modes fixed,fresh --memory-modes off,on --frequencies 1,2,4,8,16,32,64,128 --keys-per-frequency 64 --epochs 300 --val-samples-per-key 512 --log-epochs 1,2,4,8,16,32,64,128,300 --log-every 0 --overwrite"
	User time (seconds): 90.23
	System time (seconds): 2.27
	Percent of CPU this job got: 109%
	Elapsed (wall clock) time (h:mm:ss or m:ss): 1:24.76
	Average shared text size (kbytes): 0
	Average unshared data size (kbytes): 0
	Average stack size (kbytes): 0
	Average total size (kbytes): 0
	Maximum resident set size (kbytes): 776748
	Average resident set size (kbytes): 0
	Major (requiring I/O) page faults: 1
	Minor (reclaiming a frame) page faults: 341283
	Voluntary context switches: 421
	Involuntary context switches: 437
	Swaps: 0
	File system inputs: 0
	File system outputs: 9232
	Socket messages sent: 0
	Socket messages received: 0
	Signals delivered: 0
	Page size (bytes): 4096
	Exit status: 0
